// Jest Snapshot v1, https://goo.gl/fbAQLP

exports[`fetchResults 1`] = `
Array [
  Object {
    "address": "2550 Paulin Dr # 1, Santa Rosa, CA 95403, USA",
    "id": "ChIJWcnjX3c4hIAReEaEIu-h5Dg",
    "lat": 38.464769,
    "lng": -122.721573,
    "name": "Sonoma County Human Services Department",
    "phone_intl": "+1 877-699-6868",
    "phone_local": "(877) 699-6868",
  },
]
`;

exports[`fetchWICVendors 1`] = `
Array [
  Object {
    "address": "2751 4th St, Santa Rosa, CA,  95404, USA",
    "id": "ChIJZ1aAHdxHhIARO2o8VNCrzvo",
    "lat": 38.450691,
    "lng": -122.69104,
    "name": "Safeway #1562",
  },
  Object {
    "address": "1680 Petaluma Hill Rd, Santa Rosa, CA,  95404, USA",
    "id": "ChIJD2VCHBhIhIAR-pleXyzr54s",
    "lat": 38.42281,
    "lng": -122.70693,
    "name": "Lola's Market",
  },
]
`;

exports[`fetchZipCode 1`] = `"95404"`;

exports[`fetchZipCodeCoords 1`] = `
Object {
  "lat": 38.5386881,
  "lng": -122.695547,
}
`;

exports[`findZipCode 1`] = `"95404"`;
